Setting up Multi Scale Gradient loss...
Done
Found 1 samples in /root/shared-nvme/spikemamba/DENSE-smoke/DENSE/train
Found 1 samples in /root/shared-nvme/spikemamba/DENSE-smoke/DENSE/validation
-----  [3, 6, 12]
Trainable parameters: 18105985
S2DepthTransformerUNetConv(
  (encoder): LongSpikeStreamEncoderConv(
    (backbone): Mamba3DEncoder(
      (patch_embed): Conv3d(1, 96, kernel_size=(32, 2, 2), stride=(32, 2, 2))
      (stages): ModuleList(
        (0): MambaStage(
          (blocks): Sequential(
            (0): ST_Mamba_Block(
              (norm1): LayerNorm((96,), eps=1e-05, elementwise_affine=True)
              (mamba): Mamba(
                (proj_in): Linear(in_features=96, out_features=96, bias=True)
                (act): GELU(approximate='none')
                (proj_out): Linear(in_features=96, out_features=96, bias=True)
              )
              (norm2): LayerNorm((96,), eps=1e-05, elementwise_affine=True)
              (mlp): Sequential(
                (0): Linear(in_features=96, out_features=384, bias=True)
                (1): GELU(approximate='none')
                (2): Linear(in_features=384, out_features=96, bias=True)
              )
            )
            (1): ST_Mamba_Block(
              (norm1): LayerNorm((96,), eps=1e-05, elementwise_affine=True)
              (mamba): Mamba(
                (proj_in): Linear(in_features=96, out_features=96, bias=True)
                (act): GELU(approximate='none')
                (proj_out): Linear(in_features=96, out_features=96, bias=True)
              )
              (norm2): LayerNorm((96,), eps=1e-05, elementwise_affine=True)
              (mlp): Sequential(
                (0): Linear(in_features=96, out_features=384, bias=True)
                (1): GELU(approximate='none')
                (2): Linear(in_features=384, out_features=96, bias=True)
              )
            )
          )
        )
        (1): MambaStage(
          (blocks): Sequential(
            (0): ST_Mamba_Block(
              (norm1): LayerNorm((192,), eps=1e-05, elementwise_affine=True)
              (mamba): Mamba(
                (proj_in): Linear(in_features=192, out_features=192, bias=True)
                (act): GELU(approximate='none')
                (proj_out): Linear(in_features=192, out_features=192, bias=True)
              )
              (norm2): LayerNorm((192,), eps=1e-05, elementwise_affine=True)
              (mlp): Sequential(
                (0): Linear(in_features=192, out_features=768, bias=True)
                (1): GELU(approximate='none')
                (2): Linear(in_features=768, out_features=192, bias=True)
              )
            )
            (1): ST_Mamba_Block(
              (norm1): LayerNorm((192,), eps=1e-05, elementwise_affine=True)
              (mamba): Mamba(
                (proj_in): Linear(in_features=192, out_features=192, bias=True)
                (act): GELU(approximate='none')
                (proj_out): Linear(in_features=192, out_features=192, bias=True)
              )
              (norm2): LayerNorm((192,), eps=1e-05, elementwise_affine=True)
              (mlp): Sequential(
                (0): Linear(in_features=192, out_features=768, bias=True)
                (1): GELU(approximate='none')
                (2): Linear(in_features=768, out_features=192, bias=True)
              )
            )
          )
        )
        (2): MambaStage(
          (blocks): Sequential(
            (0): ST_Mamba_Block(
              (norm1): LayerNorm((384,), eps=1e-05, elementwise_affine=True)
              (mamba): Mamba(
                (proj_in): Linear(in_features=384, out_features=384, bias=True)
                (act): GELU(approximate='none')
                (proj_out): Linear(in_features=384, out_features=384, bias=True)
              )
              (norm2): LayerNorm((384,), eps=1e-05, elementwise_affine=True)
              (mlp): Sequential(
                (0): Linear(in_features=384, out_features=1536, bias=True)
                (1): GELU(approximate='none')
                (2): Linear(in_features=1536, out_features=384, bias=True)
              )
            )
            (1): ST_Mamba_Block(
              (norm1): LayerNorm((384,), eps=1e-05, elementwise_affine=True)
              (mamba): Mamba(
                (proj_in): Linear(in_features=384, out_features=384, bias=True)
                (act): GELU(approximate='none')
                (proj_out): Linear(in_features=384, out_features=384, bias=True)
              )
              (norm2): LayerNorm((384,), eps=1e-05, elementwise_affine=True)
              (mlp): Sequential(
                (0): Linear(in_features=384, out_features=1536, bias=True)
                (1): GELU(approximate='none')
                (2): Linear(in_features=1536, out_features=384, bias=True)
              )
            )
            (2): ST_Mamba_Block(
              (norm1): LayerNorm((384,), eps=1e-05, elementwise_affine=True)
              (mamba): Mamba(
                (proj_in): Linear(in_features=384, out_features=384, bias=True)
                (act): GELU(approximate='none')
                (proj_out): Linear(in_features=384, out_features=384, bias=True)
              )
              (norm2): LayerNorm((384,), eps=1e-05, elementwise_affine=True)
              (mlp): Sequential(
                (0): Linear(in_features=384, out_features=1536, bias=True)
                (1): GELU(approximate='none')
                (2): Linear(in_features=1536, out_features=384, bias=True)
              )
            )
            (3): ST_Mamba_Block(
              (norm1): LayerNorm((384,), eps=1e-05, elementwise_affine=True)
              (mamba): Mamba(
                (proj_in): Linear(in_features=384, out_features=384, bias=True)
                (act): GELU(approximate='none')
                (proj_out): Linear(in_features=384, out_features=384, bias=True)
              )
              (norm2): LayerNorm((384,), eps=1e-05, elementwise_affine=True)
              (mlp): Sequential(
                (0): Linear(in_features=384, out_features=1536, bias=True)
                (1): GELU(approximate='none')
                (2): Linear(in_features=1536, out_features=384, bias=True)
              )
            )
            (4): ST_Mamba_Block(
              (norm1): LayerNorm((384,), eps=1e-05, elementwise_affine=True)
              (mamba): Mamba(
                (proj_in): Linear(in_features=384, out_features=384, bias=True)
                (act): GELU(approximate='none')
                (proj_out): Linear(in_features=384, out_features=384, bias=True)
              )
              (norm2): LayerNorm((384,), eps=1e-05, elementwise_affine=True)
              (mlp): Sequential(
                (0): Linear(in_features=384, out_features=1536, bias=True)
                (1): GELU(approximate='none')
                (2): Linear(in_features=1536, out_features=384, bias=True)
              )
            )
            (5): ST_Mamba_Block(
              (norm1): LayerNorm((384,), eps=1e-05, elementwise_affine=True)
              (mamba): Mamba(
                (proj_in): Linear(in_features=384, out_features=384, bias=True)
                (act): GELU(approximate='none')
                (proj_out): Linear(in_features=384, out_features=384, bias=True)
              )
              (norm2): LayerNorm((384,), eps=1e-05, elementwise_affine=True)
              (mlp): Sequential(
                (0): Linear(in_features=384, out_features=1536, bias=True)
                (1): GELU(approximate='none')
                (2): Linear(in_features=1536, out_features=384, bias=True)
              )
            )
          )
        )
      )
      (downsamples): ModuleList(
        (0): Conv3d(96, 192, kernel_size=(1, 2, 2), stride=(1, 2, 2))
        (1): Conv3d(192, 384, kernel_size=(1, 2, 2), stride=(1, 2, 2))
      )
    )
    (conv_layers): ModuleList(
      (0): ModuleList(
        (0-3): 4 x Conv2d(96, 24, kernel_size=(1, 1), stride=(1, 1))
      )
      (1): ModuleList(
        (0-3): 4 x Conv2d(192, 48, kernel_size=(1, 1), stride=(1, 1))
      )
      (2): ModuleList(
        (0-3): 4 x Conv2d(384, 96, kernel_size=(1, 1), stride=(1, 1))
      )
    )
  )
  (resblocks): ModuleList(
    (0-1): 2 x ResidualBlock(
      (conv1): Conv2d(384, 384, kernel_size=(3, 3), stride=(1, 1), padding=(1, 1))
      (relu): ReLU()
      (conv2): Conv2d(384, 384, kernel_size=(3, 3), stride=(1, 1), padding=(1, 1))
    )
  )
  (decoders): ModuleList(
    (0): UpsampleConvLayer(
      (conv2d): Conv2d(384, 192, kernel_size=(5, 5), stride=(1, 1), padding=(2, 2))
    )
    (1): UpsampleConvLayer(
      (conv2d): Conv2d(192, 96, kernel_size=(5, 5), stride=(1, 1), padding=(2, 2))
    )
    (2): UpsampleConvLayer(
      (conv2d): Conv2d(96, 48, kernel_size=(5, 5), stride=(1, 1), padding=(2, 2))
    )
  )
  (pred): ConvLayer(
    (conv2d): Conv2d(48, 1, kernel_size=(1, 1), stride=(1, 1))
  )
)
Model Initialized
Using scale_invariant_loss with config {'weight': 1.0, 'n_lambda': 1.0}
Will not use phased architecture
Using Multi Scale Gradient loss with weight=0.25
Will not use MSE loss
all losses in batch in validation:  {'loss': [0.2348770797252655, 0.23546862602233887, 0.23608815670013428, 0.2369653731584549, 0.23757071793079376, 0.2396235316991806, 0.23827055096626282, 0.23590391874313354, 0.23167720437049866, 0.2194836586713791, 0.21655741333961487, 0.21741417050361633, 0.21986684203147888, 0.22404003143310547, 0.22288364171981812, 0.2223767340183258, 0.22391000390052795, 0.22238066792488098, 0.2220131754875183, 0.2197614312171936, 0.22017797827720642, 0.2244381606578827, 0.22835293412208557, 0.2247820794582367, 0.2234576791524887, 0.22676780819892883, 0.22427406907081604, 0.22145691514015198, 0.21530766785144806, 0.21397879719734192, 0.216258704662323, 0.2182949334383011, 0.22122733294963837, 0.22397345304489136, 0.20135903358459473, 0.16278532147407532, 0.15193894505500793, 0.18382355570793152, 0.2056557536125183, 0.21831917762756348, 0.22385524213314056, 0.22503089904785156, 0.22534632682800293, 0.22661706805229187, 0.22663773596286774, 0.22493231296539307, 0.22450889647006989, 0.223155215382576, 0.22200654447078705, 0.2214275747537613, 0.22032177448272705, 0.22057679295539856, 0.22147151827812195, 0.2222846895456314, 0.2217903733253479, 0.22074779868125916, 0.22009699046611786, 0.22210223972797394, 0.22272279858589172, 0.22245320677757263, 0.2228880524635315, 0.2245088517665863, 0.22674068808555603, 0.2293083667755127, 0.23100972175598145, 0.23218894004821777, 0.23488286137580872, 0.23323556780815125, 0.23350530862808228, 0.23639822006225586, 0.23596063256263733, 0.23554036021232605, 0.23358899354934692, 0.22705422341823578, 0.22221054136753082, 0.22264882922172546, 0.2233385443687439, 0.22462986409664154, 0.225521981716156, 0.22680184245109558, 0.22645658254623413, 0.22809821367263794, 0.22672437131404877, 0.2254118174314499, 0.21811029314994812, 0.20593205094337463, 0.20962630212306976, 0.21122324466705322, 0.21249406039714813, 0.2159786820411682, 0.21657642722129822, 0.22120538353919983, 0.22651085257530212, 0.22983747720718384, 0.22460855543613434, 0.22607240080833435, 0.233345165848732, 0.23309172689914703, 0.22941085696220398, 0.22887159883975983, 0.22883564233779907, 0.22835007309913635, 0.2285107672214508, 0.22936362028121948, 0.22911792993545532, 0.2283353954553604, 0.22838902473449707, 0.22982195019721985, 0.23109063506126404, 0.232273668050766, 0.23343123495578766, 0.23470856249332428, 0.23470565676689148, 0.23489604890346527, 0.22689881920814514, 0.22435453534126282, 0.22445973753929138, 0.22438707947731018, 0.224634051322937, 0.22370272874832153, 0.22295334935188293, 0.22200316190719604, 0.22236409783363342, 0.22202564775943756, 0.21603284776210785], 'L_si': [0.1886485517024994, 0.18867936730384827, 0.18842792510986328, 0.18808093667030334, 0.18750378489494324, 0.1868884563446045, 0.18118634819984436, 0.1745888590812683, 0.1704602688550949, 0.16709652543067932, 0.16231274604797363, 0.1567818969488144, 0.15682826936244965, 0.1589568853378296, 0.1591242253780365, 0.15841880440711975, 0.1592518389225006, 0.15875843167304993, 0.15642261505126953, 0.15394192934036255, 0.1533246785402298, 0.15431855618953705, 0.15585529804229736, 0.1561761349439621, 0.15505144000053406, 0.15303318202495575, 0.1524827778339386, 0.15185672044754028, 0.15243719518184662, 0.15213049948215485, 0.15181146562099457, 0.15174128115177155, 0.1511826515197754, 0.14940157532691956, 0.13038556277751923, 0.09975361824035645, 0.10207118093967438, 0.13406895101070404, 0.1540868729352951, 0.16765272617340088, 0.17177510261535645, 0.17207461595535278, 0.17256179451942444, 0.17285466194152832, 0.17350322008132935, 0.17318037152290344, 0.17337927222251892, 0.1730290651321411, 0.17311981320381165, 0.17361143231391907, 0.17439153790473938, 0.1745244562625885, 0.1750829815864563, 0.17503903806209564, 0.17442113161087036, 0.17308174073696136, 0.17163872718811035, 0.17184802889823914, 0.17265093326568604, 0.17317959666252136, 0.17346882820129395, 0.17375032603740692, 0.17456354200839996, 0.17624101042747498, 0.1776697337627411, 0.17890781164169312, 0.1802368462085724, 0.18107441067695618, 0.18090474605560303, 0.18044987320899963, 0.180259108543396, 0.17993783950805664, 0.1797780692577362, 0.1798575222492218, 0.1798994541168213, 0.17924711108207703, 0.17850792407989502, 0.1776384562253952, 0.17637163400650024, 0.17554563283920288, 0.17557594180107117, 0.17609252035617828, 0.1758819818496704, 0.17577965557575226, 0.1620657593011856, 0.1503486931324005, 0.152072474360466, 0.1537047028541565, 0.1547819972038269, 0.15674367547035217, 0.1589476615190506, 0.1609262377023697, 0.16311685740947723, 0.16565316915512085, 0.16899946331977844, 0.1766473650932312, 0.1875205636024475, 0.19286486506462097, 0.1851169466972351, 0.18190380930900574, 0.18143588304519653, 0.18039867281913757, 0.1800002157688141, 0.17981800436973572, 0.17909839749336243, 0.17818483710289001, 0.17755049467086792, 0.17769098281860352, 0.17748907208442688, 0.17710867524147034, 0.17749932408332825, 0.17807120084762573, 0.17902237176895142, 0.17964014410972595, 0.17908048629760742, 0.1784193515777588, 0.17747828364372253, 0.17661622166633606, 0.17541615664958954, 0.17393766343593597, 0.17276261746883392, 0.17131675779819489, 0.1703706979751587, 0.16899481415748596, 0.16787800192832947], 'L_grad': [0.046228520572185516, 0.046789251267910004, 0.047660235315561295, 0.04888444021344185, 0.050066933035850525, 0.05273507907986641, 0.057084210216999054, 0.06131506711244583, 0.06121693551540375, 0.05238712951540947, 0.05424465984106064, 0.060632266104221344, 0.06303857266902924, 0.06508315354585648, 0.06375940889120102, 0.06395793706178665, 0.06465815752744675, 0.06362223625183105, 0.06559056788682938, 0.06581950187683105, 0.06685329973697662, 0.07011960446834564, 0.07249762862920761, 0.068605937063694, 0.06840623915195465, 0.07373461872339249, 0.07179129123687744, 0.0696001946926117, 0.06287047266960144, 0.06184829771518707, 0.06444723159074783, 0.06655365228652954, 0.07004468142986298, 0.0745718851685524, 0.0709734782576561, 0.06303171068429947, 0.04986776411533356, 0.049754608422517776, 0.0515688881278038, 0.0506664477288723, 0.05208013951778412, 0.052956290543079376, 0.052784524857997894, 0.05376241356134415, 0.05313451215624809, 0.05175194516777992, 0.05112962797284126, 0.050126150250434875, 0.0488867312669754, 0.04781614616513252, 0.04593023657798767, 0.04605234041810036, 0.04638852924108505, 0.04724565148353577, 0.04736923426389694, 0.047666050493717194, 0.048458267003297806, 0.050254207104444504, 0.05007186159491539, 0.04927360638976097, 0.04941922053694725, 0.05075853317975998, 0.052177149802446365, 0.05306736379861832, 0.05333999544382095, 0.05328112095594406, 0.05464600771665573, 0.05216116085648537, 0.052600570023059845, 0.05594835430383682, 0.055701516568660736, 0.05560251697897911, 0.05381091684103012, 0.04719670116901398, 0.042311087250709534, 0.04340171441435814, 0.04483061283826828, 0.04699140787124634, 0.04915035143494606, 0.0512562096118927, 0.05088064819574356, 0.05200568586587906, 0.05084238573908806, 0.04963215813040733, 0.056044526398181915, 0.05558336153626442, 0.05755383148789406, 0.05751854181289673, 0.05771206319332123, 0.05923500657081604, 0.05762876570224762, 0.06027913838624954, 0.0633939877152443, 0.06418431550264359, 0.0556090883910656, 0.04942502826452255, 0.045824602246284485, 0.04022686183452606, 0.04429391026496887, 0.04696778580546379, 0.04739975929260254, 0.04795140027999878, 0.04851055517792702, 0.04954562336206436, 0.050019532442092896, 0.0501505583524704, 0.05083853006362915, 0.05213096737861633, 0.05360156297683716, 0.055164989084005356, 0.05593191459774971, 0.05663736164569855, 0.055683284997940063, 0.05525590106844902, 0.04781832545995712, 0.04593517631292343, 0.046981461346149445, 0.04777086526155472, 0.04921790212392807, 0.049765072762966156, 0.050190724432468414, 0.05068641155958176, 0.05199339985847473, 0.0530308298766613, 0.04815484955906868]}
Saving current best: model_best.pth.tar ...
Saving checkpoint: s2d_checkpoints/train_s2d_SpikeTransformer_fromscratch_check_20260305/checkpoint-epoch001-loss-0.2253.pth.tar ...
all losses in batch in validation:  {'loss': [0.2348770797252655, 0.23546862602233887, 0.23608815670013428, 0.2369653731584549, 0.23757071793079376, 0.2396235316991806, 0.23827055096626282, 0.23590391874313354, 0.23167720437049866, 0.2194836586713791, 0.21655741333961487, 0.21741417050361633, 0.21986684203147888, 0.22404003143310547, 0.22288364171981812, 0.2223767340183258, 0.22391000390052795, 0.22238066792488098, 0.2220131754875183, 0.2197614312171936, 0.22017797827720642, 0.2244381606578827, 0.22835293412208557, 0.2247820794582367, 0.2234576791524887, 0.22676780819892883, 0.22427406907081604, 0.22145691514015198, 0.21530766785144806, 0.21397879719734192, 0.216258704662323, 0.2182949334383011, 0.22122733294963837, 0.22397345304489136, 0.20135903358459473, 0.16278532147407532, 0.15193894505500793, 0.18382355570793152, 0.2056557536125183, 0.21831917762756348, 0.22385524213314056, 0.22503089904785156, 0.22534632682800293, 0.22661706805229187, 0.22663773596286774, 0.22493231296539307, 0.22450889647006989, 0.223155215382576, 0.22200654447078705, 0.2214275747537613, 0.22032177448272705, 0.22057679295539856, 0.22147151827812195, 0.2222846895456314, 0.2217903733253479, 0.22074779868125916, 0.22009699046611786, 0.22210223972797394, 0.22272279858589172, 0.22245320677757263, 0.2228880524635315, 0.2245088517665863, 0.22674068808555603, 0.2293083667755127, 0.23100972175598145, 0.23218894004821777, 0.23488286137580872, 0.23323556780815125, 0.23350530862808228, 0.23639822006225586, 0.23596063256263733, 0.23554036021232605, 0.23358899354934692, 0.22705422341823578, 0.22221054136753082, 0.22264882922172546, 0.2233385443687439, 0.22462986409664154, 0.225521981716156, 0.22680184245109558, 0.22645658254623413, 0.22809821367263794, 0.22672437131404877, 0.2254118174314499, 0.21811029314994812, 0.20593205094337463, 0.20962630212306976, 0.21122324466705322, 0.21249406039714813, 0.2159786820411682, 0.21657642722129822, 0.22120538353919983, 0.22651085257530212, 0.22983747720718384, 0.22460855543613434, 0.22607240080833435, 0.233345165848732, 0.23309172689914703, 0.22941085696220398, 0.22887159883975983, 0.22883564233779907, 0.22835007309913635, 0.2285107672214508, 0.22936362028121948, 0.22911792993545532, 0.2283353954553604, 0.22838902473449707, 0.22982195019721985, 0.23109063506126404, 0.232273668050766, 0.23343123495578766, 0.23470856249332428, 0.23470565676689148, 0.23489604890346527, 0.22689881920814514, 0.22435453534126282, 0.22445973753929138, 0.22438707947731018, 0.224634051322937, 0.22370272874832153, 0.22295334935188293, 0.22200316190719604, 0.22236409783363342, 0.22202564775943756, 0.21603284776210785], 'L_si': [0.1886485517024994, 0.18867936730384827, 0.18842792510986328, 0.18808093667030334, 0.18750378489494324, 0.1868884563446045, 0.18118634819984436, 0.1745888590812683, 0.1704602688550949, 0.16709652543067932, 0.16231274604797363, 0.1567818969488144, 0.15682826936244965, 0.1589568853378296, 0.1591242253780365, 0.15841880440711975, 0.1592518389225006, 0.15875843167304993, 0.15642261505126953, 0.15394192934036255, 0.1533246785402298, 0.15431855618953705, 0.15585529804229736, 0.1561761349439621, 0.15505144000053406, 0.15303318202495575, 0.1524827778339386, 0.15185672044754028, 0.15243719518184662, 0.15213049948215485, 0.15181146562099457, 0.15174128115177155, 0.1511826515197754, 0.14940157532691956, 0.13038556277751923, 0.09975361824035645, 0.10207118093967438, 0.13406895101070404, 0.1540868729352951, 0.16765272617340088, 0.17177510261535645, 0.17207461595535278, 0.17256179451942444, 0.17285466194152832, 0.17350322008132935, 0.17318037152290344, 0.17337927222251892, 0.1730290651321411, 0.17311981320381165, 0.17361143231391907, 0.17439153790473938, 0.1745244562625885, 0.1750829815864563, 0.17503903806209564, 0.17442113161087036, 0.17308174073696136, 0.17163872718811035, 0.17184802889823914, 0.17265093326568604, 0.17317959666252136, 0.17346882820129395, 0.17375032603740692, 0.17456354200839996, 0.17624101042747498, 0.1776697337627411, 0.17890781164169312, 0.1802368462085724, 0.18107441067695618, 0.18090474605560303, 0.18044987320899963, 0.180259108543396, 0.17993783950805664, 0.1797780692577362, 0.1798575222492218, 0.1798994541168213, 0.17924711108207703, 0.17850792407989502, 0.1776384562253952, 0.17637163400650024, 0.17554563283920288, 0.17557594180107117, 0.17609252035617828, 0.1758819818496704, 0.17577965557575226, 0.1620657593011856, 0.1503486931324005, 0.152072474360466, 0.1537047028541565, 0.1547819972038269, 0.15674367547035217, 0.1589476615190506, 0.1609262377023697, 0.16311685740947723, 0.16565316915512085, 0.16899946331977844, 0.1766473650932312, 0.1875205636024475, 0.19286486506462097, 0.1851169466972351, 0.18190380930900574, 0.18143588304519653, 0.18039867281913757, 0.1800002157688141, 0.17981800436973572, 0.17909839749336243, 0.17818483710289001, 0.17755049467086792, 0.17769098281860352, 0.17748907208442688, 0.17710867524147034, 0.17749932408332825, 0.17807120084762573, 0.17902237176895142, 0.17964014410972595, 0.17908048629760742, 0.1784193515777588, 0.17747828364372253, 0.17661622166633606, 0.17541615664958954, 0.17393766343593597, 0.17276261746883392, 0.17131675779819489, 0.1703706979751587, 0.16899481415748596, 0.16787800192832947], 'L_grad': [0.046228520572185516, 0.046789251267910004, 0.047660235315561295, 0.04888444021344185, 0.050066933035850525, 0.05273507907986641, 0.057084210216999054, 0.06131506711244583, 0.06121693551540375, 0.05238712951540947, 0.05424465984106064, 0.060632266104221344, 0.06303857266902924, 0.06508315354585648, 0.06375940889120102, 0.06395793706178665, 0.06465815752744675, 0.06362223625183105, 0.06559056788682938, 0.06581950187683105, 0.06685329973697662, 0.07011960446834564, 0.07249762862920761, 0.068605937063694, 0.06840623915195465, 0.07373461872339249, 0.07179129123687744, 0.0696001946926117, 0.06287047266960144, 0.06184829771518707, 0.06444723159074783, 0.06655365228652954, 0.07004468142986298, 0.0745718851685524, 0.0709734782576561, 0.06303171068429947, 0.04986776411533356, 0.049754608422517776, 0.0515688881278038, 0.0506664477288723, 0.05208013951778412, 0.052956290543079376, 0.052784524857997894, 0.05376241356134415, 0.05313451215624809, 0.05175194516777992, 0.05112962797284126, 0.050126150250434875, 0.0488867312669754, 0.04781614616513252, 0.04593023657798767, 0.04605234041810036, 0.04638852924108505, 0.04724565148353577, 0.04736923426389694, 0.047666050493717194, 0.048458267003297806, 0.050254207104444504, 0.05007186159491539, 0.04927360638976097, 0.04941922053694725, 0.05075853317975998, 0.052177149802446365, 0.05306736379861832, 0.05333999544382095, 0.05328112095594406, 0.05464600771665573, 0.05216116085648537, 0.052600570023059845, 0.05594835430383682, 0.055701516568660736, 0.05560251697897911, 0.05381091684103012, 0.04719670116901398, 0.042311087250709534, 0.04340171441435814, 0.04483061283826828, 0.04699140787124634, 0.04915035143494606, 0.0512562096118927, 0.05088064819574356, 0.05200568586587906, 0.05084238573908806, 0.04963215813040733, 0.056044526398181915, 0.05558336153626442, 0.05755383148789406, 0.05751854181289673, 0.05771206319332123, 0.05923500657081604, 0.05762876570224762, 0.06027913838624954, 0.0633939877152443, 0.06418431550264359, 0.0556090883910656, 0.04942502826452255, 0.045824602246284485, 0.04022686183452606, 0.04429391026496887, 0.04696778580546379, 0.04739975929260254, 0.04795140027999878, 0.04851055517792702, 0.04954562336206436, 0.050019532442092896, 0.0501505583524704, 0.05083853006362915, 0.05213096737861633, 0.05360156297683716, 0.055164989084005356, 0.05593191459774971, 0.05663736164569855, 0.055683284997940063, 0.05525590106844902, 0.04781832545995712, 0.04593517631292343, 0.046981461346149445, 0.04777086526155472, 0.04921790212392807, 0.049765072762966156, 0.050190724432468414, 0.05068641155958176, 0.05199339985847473, 0.0530308298766613, 0.04815484955906868]}
Saving checkpoint: s2d_checkpoints/train_s2d_SpikeTransformer_fromscratch_check_20260305/checkpoint-epoch002-loss-0.2258.pth.tar ...
