AttributeError: module 'numpy._globals' has no attribute '_signature_descriptor'
Setting up Multi Scale Gradient loss...
Done
Found 5 samples in /root/shared-nvme/spikemamba/DENSE-spike/DENSE/train
Found 1 samples in /root/shared-nvme/spikemamba/DENSE-spike/DENSE/validation
-----  [3, 6, 12]
Trainable parameters: 22568833
S2DepthTransformerUNetConv(
  (encoder): LongSpikeStreamEncoderConv(
    (backbone): Mamba3DEncoder(
      (patch_embed): Conv3d(1, 96, kernel_size=(32, 2, 2), stride=(32, 2, 2))
      (stages): ModuleList(
        (0): MambaStage(
          (blocks): Sequential(
            (0): ST_Mamba_Block(
              (norm1): LayerNorm((96,), eps=1e-05, elementwise_affine=True)
              (mamba): Mamba(
                (in_proj): Linear(in_features=96, out_features=384, bias=False)
                (conv1d): Conv1d(192, 192, kernel_size=(4,), stride=(1,), padding=(3,), groups=192)
                (act): SiLU()
                (x_proj): Linear(in_features=192, out_features=38, bias=False)
                (dt_proj): Linear(in_features=6, out_features=192, bias=True)
                (out_proj): Linear(in_features=192, out_features=96, bias=False)
              )
              (norm2): LayerNorm((96,), eps=1e-05, elementwise_affine=True)
              (mlp): Sequential(
                (0): Linear(in_features=96, out_features=384, bias=True)
                (1): GELU(approximate='none')
                (2): Linear(in_features=384, out_features=96, bias=True)
              )
            )
            (1): ST_Mamba_Block(
              (norm1): LayerNorm((96,), eps=1e-05, elementwise_affine=True)
              (mamba): Mamba(
                (in_proj): Linear(in_features=96, out_features=384, bias=False)
                (conv1d): Conv1d(192, 192, kernel_size=(4,), stride=(1,), padding=(3,), groups=192)
                (act): SiLU()
                (x_proj): Linear(in_features=192, out_features=38, bias=False)
                (dt_proj): Linear(in_features=6, out_features=192, bias=True)
                (out_proj): Linear(in_features=192, out_features=96, bias=False)
              )
              (norm2): LayerNorm((96,), eps=1e-05, elementwise_affine=True)
              (mlp): Sequential(
                (0): Linear(in_features=96, out_features=384, bias=True)
                (1): GELU(approximate='none')
                (2): Linear(in_features=384, out_features=96, bias=True)
              )
            )
          )
        )
        (1): MambaStage(
          (blocks): Sequential(
            (0): ST_Mamba_Block(
              (norm1): LayerNorm((192,), eps=1e-05, elementwise_affine=True)
              (mamba): Mamba(
                (in_proj): Linear(in_features=192, out_features=768, bias=False)
                (conv1d): Conv1d(384, 384, kernel_size=(4,), stride=(1,), padding=(3,), groups=384)
                (act): SiLU()
                (x_proj): Linear(in_features=384, out_features=44, bias=False)
                (dt_proj): Linear(in_features=12, out_features=384, bias=True)
                (out_proj): Linear(in_features=384, out_features=192, bias=False)
              )
              (norm2): LayerNorm((192,), eps=1e-05, elementwise_affine=True)
              (mlp): Sequential(
                (0): Linear(in_features=192, out_features=768, bias=True)
                (1): GELU(approximate='none')
                (2): Linear(in_features=768, out_features=192, bias=True)
              )
            )
            (1): ST_Mamba_Block(
              (norm1): LayerNorm((192,), eps=1e-05, elementwise_affine=True)
              (mamba): Mamba(
                (in_proj): Linear(in_features=192, out_features=768, bias=False)
                (conv1d): Conv1d(384, 384, kernel_size=(4,), stride=(1,), padding=(3,), groups=384)
                (act): SiLU()
                (x_proj): Linear(in_features=384, out_features=44, bias=False)
                (dt_proj): Linear(in_features=12, out_features=384, bias=True)
                (out_proj): Linear(in_features=384, out_features=192, bias=False)
              )
              (norm2): LayerNorm((192,), eps=1e-05, elementwise_affine=True)
              (mlp): Sequential(
                (0): Linear(in_features=192, out_features=768, bias=True)
                (1): GELU(approximate='none')
                (2): Linear(in_features=768, out_features=192, bias=True)
              )
            )
          )
        )
        (2): MambaStage(
          (blocks): Sequential(
            (0): ST_Mamba_Block(
              (norm1): LayerNorm((384,), eps=1e-05, elementwise_affine=True)
              (mamba): Mamba(
                (in_proj): Linear(in_features=384, out_features=1536, bias=False)
                (conv1d): Conv1d(768, 768, kernel_size=(4,), stride=(1,), padding=(3,), groups=768)
                (act): SiLU()
                (x_proj): Linear(in_features=768, out_features=56, bias=False)
                (dt_proj): Linear(in_features=24, out_features=768, bias=True)
                (out_proj): Linear(in_features=768, out_features=384, bias=False)
              )
              (norm2): LayerNorm((384,), eps=1e-05, elementwise_affine=True)
              (mlp): Sequential(
                (0): Linear(in_features=384, out_features=1536, bias=True)
                (1): GELU(approximate='none')
                (2): Linear(in_features=1536, out_features=384, bias=True)
              )
            )
            (1): ST_Mamba_Block(
              (norm1): LayerNorm((384,), eps=1e-05, elementwise_affine=True)
              (mamba): Mamba(
                (in_proj): Linear(in_features=384, out_features=1536, bias=False)
                (conv1d): Conv1d(768, 768, kernel_size=(4,), stride=(1,), padding=(3,), groups=768)
                (act): SiLU()
                (x_proj): Linear(in_features=768, out_features=56, bias=False)
                (dt_proj): Linear(in_features=24, out_features=768, bias=True)
                (out_proj): Linear(in_features=768, out_features=384, bias=False)
              )
              (norm2): LayerNorm((384,), eps=1e-05, elementwise_affine=True)
              (mlp): Sequential(
                (0): Linear(in_features=384, out_features=1536, bias=True)
                (1): GELU(approximate='none')
                (2): Linear(in_features=1536, out_features=384, bias=True)
              )
            )
            (2): ST_Mamba_Block(
              (norm1): LayerNorm((384,), eps=1e-05, elementwise_affine=True)
              (mamba): Mamba(
                (in_proj): Linear(in_features=384, out_features=1536, bias=False)
                (conv1d): Conv1d(768, 768, kernel_size=(4,), stride=(1,), padding=(3,), groups=768)
                (act): SiLU()
                (x_proj): Linear(in_features=768, out_features=56, bias=False)
                (dt_proj): Linear(in_features=24, out_features=768, bias=True)
                (out_proj): Linear(in_features=768, out_features=384, bias=False)
              )
              (norm2): LayerNorm((384,), eps=1e-05, elementwise_affine=True)
              (mlp): Sequential(
                (0): Linear(in_features=384, out_features=1536, bias=True)
                (1): GELU(approximate='none')
                (2): Linear(in_features=1536, out_features=384, bias=True)
              )
            )
            (3): ST_Mamba_Block(
              (norm1): LayerNorm((384,), eps=1e-05, elementwise_affine=True)
              (mamba): Mamba(
                (in_proj): Linear(in_features=384, out_features=1536, bias=False)
                (conv1d): Conv1d(768, 768, kernel_size=(4,), stride=(1,), padding=(3,), groups=768)
                (act): SiLU()
                (x_proj): Linear(in_features=768, out_features=56, bias=False)
                (dt_proj): Linear(in_features=24, out_features=768, bias=True)
                (out_proj): Linear(in_features=768, out_features=384, bias=False)
              )
              (norm2): LayerNorm((384,), eps=1e-05, elementwise_affine=True)
              (mlp): Sequential(
                (0): Linear(in_features=384, out_features=1536, bias=True)
                (1): GELU(approximate='none')
                (2): Linear(in_features=1536, out_features=384, bias=True)
              )
            )
            (4): ST_Mamba_Block(
              (norm1): LayerNorm((384,), eps=1e-05, elementwise_affine=True)
              (mamba): Mamba(
                (in_proj): Linear(in_features=384, out_features=1536, bias=False)
                (conv1d): Conv1d(768, 768, kernel_size=(4,), stride=(1,), padding=(3,), groups=768)
                (act): SiLU()
                (x_proj): Linear(in_features=768, out_features=56, bias=False)
                (dt_proj): Linear(in_features=24, out_features=768, bias=True)
                (out_proj): Linear(in_features=768, out_features=384, bias=False)
              )
              (norm2): LayerNorm((384,), eps=1e-05, elementwise_affine=True)
              (mlp): Sequential(
                (0): Linear(in_features=384, out_features=1536, bias=True)
                (1): GELU(approximate='none')
                (2): Linear(in_features=1536, out_features=384, bias=True)
              )
            )
            (5): ST_Mamba_Block(
              (norm1): LayerNorm((384,), eps=1e-05, elementwise_affine=True)
              (mamba): Mamba(
                (in_proj): Linear(in_features=384, out_features=1536, bias=False)
                (conv1d): Conv1d(768, 768, kernel_size=(4,), stride=(1,), padding=(3,), groups=768)
                (act): SiLU()
                (x_proj): Linear(in_features=768, out_features=56, bias=False)
                (dt_proj): Linear(in_features=24, out_features=768, bias=True)
                (out_proj): Linear(in_features=768, out_features=384, bias=False)
              )
              (norm2): LayerNorm((384,), eps=1e-05, elementwise_affine=True)
              (mlp): Sequential(
                (0): Linear(in_features=384, out_features=1536, bias=True)
                (1): GELU(approximate='none')
                (2): Linear(in_features=1536, out_features=384, bias=True)
              )
            )
          )
        )
      )
      (downsamples): ModuleList(
        (0): Conv3d(96, 192, kernel_size=(1, 2, 2), stride=(1, 2, 2))
        (1): Conv3d(192, 384, kernel_size=(1, 2, 2), stride=(1, 2, 2))
      )
    )
    (conv_layers): ModuleList(
      (0): ModuleList(
        (0-3): 4 x Conv2d(96, 24, kernel_size=(1, 1), stride=(1, 1))
      )
      (1): ModuleList(
        (0-3): 4 x Conv2d(192, 48, kernel_size=(1, 1), stride=(1, 1))
      )
      (2): ModuleList(
        (0-3): 4 x Conv2d(384, 96, kernel_size=(1, 1), stride=(1, 1))
      )
    )
  )
  (resblocks): ModuleList(
    (0-1): 2 x ResidualBlock(
      (conv1): Conv2d(384, 384, kernel_size=(3, 3), stride=(1, 1), padding=(1, 1))
      (relu): ReLU()
      (conv2): Conv2d(384, 384, kernel_size=(3, 3), stride=(1, 1), padding=(1, 1))
    )
  )
  (decoders): ModuleList(
    (0): UpsampleConvLayer(
      (conv2d): Conv2d(384, 192, kernel_size=(5, 5), stride=(1, 1), padding=(2, 2))
    )
    (1): UpsampleConvLayer(
      (conv2d): Conv2d(192, 96, kernel_size=(5, 5), stride=(1, 1), padding=(2, 2))
    )
    (2): UpsampleConvLayer(
      (conv2d): Conv2d(96, 48, kernel_size=(5, 5), stride=(1, 1), padding=(2, 2))
    )
  )
  (pred): ConvLayer(
    (conv2d): Conv2d(48, 1, kernel_size=(1, 1), stride=(1, 1))
  )
)
Model Initialized
Using scale_invariant_loss with config {'weight': 1.0, 'n_lambda': 1.0}
Will not use phased architecture
Using Multi Scale Gradient loss with weight=0.25
Will not use MSE loss
Traceback (most recent call last):
  File "/root/shared-nvme/spikemamba/train_parallel.py", line 365, in <module>
    main()
  File "/root/shared-nvme/spikemamba/train_parallel.py", line 361, in main
    main_worker(args.gpu, ngpus_per_node, args)
  File "/root/shared-nvme/spikemamba/train_parallel.py", line 317, in main_worker
    trainer.train()
  File "/root/shared-nvme/spikemamba/base/base_trainer.py", line 85, in train
    result = self._train_epoch(epoch)
             ^^^^^^^^^^^^^^^^^^^^^^^^
  File "/root/shared-nvme/spikemamba/trainer/spiket_trainer.py", line 462, in _train_epoch
    losses, _, _, _, _, _ = self.forward_pass_sequence(sequence)
                            ^^^^^^^^^^^^^^^^^^^^^^^^^^^^^^^^^^^^
  File "/root/shared-nvme/spikemamba/trainer/spiket_trainer.py", line 269, in forward_pass_sequence
    new_predicted_targets, new_super_states, new_states_lstm = self.model(item,
                                                               ^^^^^^^^^^^^^^^^
  File "/usr/local/lib/python3.12/dist-packages/torch/nn/modules/module.py", line 1740, in _wrapped_call_impl
    return self._call_impl(*args, **kwargs)
           ^^^^^^^^^^^^^^^^^^^^^^^^^^^^^^^^
  File "/usr/local/lib/python3.12/dist-packages/torch/nn/modules/module.py", line 1751, in _call_impl
    return forward_call(*args, **kwargs)
           ^^^^^^^^^^^^^^^^^^^^^^^^^^^^^
  File "/usr/local/lib/python3.12/dist-packages/torch/nn/parallel/data_parallel.py", line 191, in forward
    return self.module(*inputs[0], **module_kwargs[0])
           ^^^^^^^^^^^^^^^^^^^^^^^^^^^^^^^^^^^^^^^^^^^
  File "/usr/local/lib/python3.12/dist-packages/torch/nn/modules/module.py", line 1740, in _wrapped_call_impl
    return self._call_impl(*args, **kwargs)
           ^^^^^^^^^^^^^^^^^^^^^^^^^^^^^^^^
  File "/usr/local/lib/python3.12/dist-packages/torch/nn/modules/module.py", line 1751, in _call_impl
    return forward_call(*args, **kwargs)
           ^^^^^^^^^^^^^^^^^^^^^^^^^^^^^
  File "/root/shared-nvme/spikemamba/model/S2DepthNet.py", line 212, in forward
    prediction = self.forward_decoder(encoded_xs)
                 ^^^^^^^^^^^^^^^^^^^^^^^^^^^^^^^^
  File "/root/shared-nvme/spikemamba/model/S2DepthNet.py", line 124, in forward_decoder
    x = decoder(self.apply_skip_connection(x, super_states[self.num_encoders - i - 1]))
        ^^^^^^^^^^^^^^^^^^^^^^^^^^^^^^^^^^^^^^^^^^^^^^^^^^^^^^^^^^^^^^^^^^^^^^^^^^^^^^^
  File "/usr/local/lib/python3.12/dist-packages/torch/nn/modules/module.py", line 1740, in _wrapped_call_impl
    return self._call_impl(*args, **kwargs)
           ^^^^^^^^^^^^^^^^^^^^^^^^^^^^^^^^
  File "/usr/local/lib/python3.12/dist-packages/torch/nn/modules/module.py", line 1751, in _call_impl
    return forward_call(*args, **kwargs)
           ^^^^^^^^^^^^^^^^^^^^^^^^^^^^^
  File "/root/shared-nvme/spikemamba/model/submodules.py", line 88, in forward
    x_upsampled = f.interpolate(x, scale_factor=2, mode='bilinear', align_corners=False)
                  ^^^^^^^^^^^^^^^^^^^^^^^^^^^^^^^^^^^^^^^^^^^^^^^^^^^^^^^^^^^^^^^^^^^^^^
  File "/usr/local/lib/python3.12/dist-packages/torch/nn/functional.py", line 4688, in interpolate
    return torch._C._nn.upsample_bilinear2d(
           ^^^^^^^^^^^^^^^^^^^^^^^^^^^^^^^^^
torch.OutOfMemoryError: CUDA out of memory. Tried to allocate 74.00 MiB. GPU 0 has a total capacity of 31.37 GiB of which 49.81 MiB is free. Including non-PyTorch memory, this process has 31.31 GiB memory in use. Of the allocated memory 30.49 GiB is allocated by PyTorch, and 147.85 MiB is reserved by PyTorch but unallocated. If reserved but unallocated memory is large try setting PYTORCH_CUDA_ALLOC_CONF=expandable_segments:True to avoid fragmentation.  See documentation for Memory Management  (https://pytorch.org/docs/stable/notes/cuda.html#environment-variables)
